project:
  name: Test Project 735485075ada45f4bfe968800d91849d
  timezone: America/Chicago
  course:
    name: Test Course
    semester: Summer
    year: 2014
  settings: {}
  handgrading:
    points_style: start_at_zero_and_add
