project:
  name: Test Project eb736fc7d6c148968fc9252b9ba9dc06
  timezone: America/Chicago
  course:
    name: Test Course
    semester: Summer
    year: 2014
  settings: {}
  handgrading:
    points_style: start_at_zero_and_add
    hide_unapplied_rubric_items: true
