project:
  name: Test Project 9cfa1bd4c93b4949a8e0c612cc437010
  timezone: America/Chicago
  course:
    name: Test Course
    semester: Summer
    year: 2014
  settings: {}
  mutation_suites:
  - name: Suite
    bug_names:
    - bug2
    - bug1
    - some_bug
    - other bug
    points_per_bug: '3.00'
    max_points: 10
