# serializer version: 1
# name: TestQueryCriterion.test_filter_trajectories_on_entity_level[event-event_type == 'EMERGENCY']
  list([
    1,
    2,
    3,
    4,
    5,
    6,
    8,
    10,
  ])
# ---
# name: TestQueryCriterion.test_filter_trajectories_on_entity_level[interval-medication == 'ANTIBIOTIC']
  list([
    1,
    2,
    3,
    4,
    5,
    6,
    7,
    8,
    9,
    10,
  ])
# ---
# name: TestQueryCriterion.test_filter_trajectories_on_sequence_level[event-event_type == 'EMERGENCY']
  list([
    1,
    2,
    3,
    4,
    5,
    6,
    8,
    10,
  ])
# ---
# name: TestQueryCriterion.test_filter_trajectories_on_sequence_level[interval-medication == 'ANTIBIOTIC']
  list([
    1,
    2,
    3,
    4,
    5,
    6,
    7,
    8,
    9,
    10,
  ])
# ---
# name: TestQueryCriterion.test_filter_trajectories_on_sequence_level[state-health_state == 'TREATMENT']
  list([
    6,
    7,
    8,
  ])
# ---
# name: TestQueryCriterion.test_filter_trajectories_on_sequence_level_inplace[event-event_type == 'EMERGENCY']
  list([
    1,
    2,
    3,
    4,
    5,
    6,
    8,
    10,
  ])
# ---
# name: TestQueryCriterion.test_filter_trajectories_on_sequence_level_inplace[interval-medication == 'ANTIBIOTIC']
  list([
    1,
    2,
    3,
    4,
    5,
    6,
    7,
    8,
    9,
    10,
  ])
# ---
# name: TestQueryCriterion.test_filter_trajectories_on_sequence_level_inplace[state-health_state == 'TREATMENT']
  list([
    6,
    7,
    8,
  ])
# ---
# name: TestQueryCriterion.test_filter_trajectories_with_multiple_conditions[event-event_type.isin(['EMERGENCY', 'SPECIALIST'])]
  list([
    1,
    2,
    3,
    4,
    5,
    6,
    8,
    10,
  ])
# ---
# name: TestQueryCriterion.test_filter_trajectories_with_multiple_conditions[interval-medication.isin(['ANTIBIOTIC', 'PAIN_RELIEVER'])]
  list([
    1,
    2,
    3,
    4,
    5,
    6,
    7,
    8,
    9,
    10,
  ])
# ---
# name: TestQueryCriterion.test_filter_trajectories_with_multiple_conditions[state-health_state.isin(['TREATMENT', 'CONVALESCENCE'])]
  list([
    3,
    4,
    5,
    6,
    7,
    8,
    9,
  ])
# ---
# name: TestQueryCriterion.test_intersection_false[event-event_type == 'EMERGENCY']
  list([
    1,
    2,
    3,
    4,
    5,
    6,
    8,
    10,
  ])
# ---
# name: TestQueryCriterion.test_intersection_false[interval-medication == 'ANTIBIOTIC']
  list([
    1,
    2,
    3,
    4,
    5,
    6,
    7,
    8,
    9,
    10,
  ])
# ---
# name: TestQueryCriterion.test_intersection_false[state-health_state == 'TREATMENT']
  list([
    6,
    7,
    8,
  ])
# ---
