# serializer version: 1
# name: TestQueryCriterion.test_filter_single_trajectory[event-event_type == 'EMERGENCY']
  '''
  patient_id,date,event_type,provider
  3,2023-03-22,EMERGENCY,
  3,2023-05-16,EMERGENCY,NURSE
  3,2023-06-21,EMERGENCY,NURSE
  3,2023-10-16,EMERGENCY,LABORATORY
  
  '''
# ---
# name: TestQueryCriterion.test_filter_single_trajectory[interval-medication == 'ANTIBIOTIC']
  '''
  patient_id,start_date,end_date,medication,administration_route,dosage
  3,2023-04-15,2023-04-24,ANTIBIOTIC,INHALATION,3
  
  '''
# ---
# name: TestQueryCriterion.test_filter_single_trajectory_inplace[event-event_type == 'EMERGENCY']
  '''
  patient_id,date,event_type,provider
  3,2023-03-22,EMERGENCY,
  3,2023-05-16,EMERGENCY,NURSE
  3,2023-06-21,EMERGENCY,NURSE
  3,2023-10-16,EMERGENCY,LABORATORY
  
  '''
# ---
# name: TestQueryCriterion.test_filter_single_trajectory_inplace[interval-medication == 'ANTIBIOTIC']
  '''
  patient_id,start_date,end_date,medication,administration_route,dosage
  3,2023-04-15,2023-04-24,ANTIBIOTIC,INHALATION,3
  
  '''
# ---
