# serializer version: 1
# name: TestTimeCriterion.test_time_criterion_filter_single_trajectory[event]
  '''
  patient_id,date,event_type,provider
  3,2023-01-28,CONSULTATION,RADIOLOGIST
  3,2023-02-02,FOLLOW_UP,NURSE
  3,2023-02-10,FOLLOW_UP,LABORATORY
  3,2023-03-06,CONSULTATION,
  3,2023-03-22,EMERGENCY,
  
  '''
# ---
# name: TestTimeCriterion.test_time_criterion_filter_single_trajectory[interval]
  '''
  patient_id,start_date,end_date,medication,administration_route,dosage
  3,2023-04-15,2023-04-24,ANTIBIOTIC,INHALATION,3
  
  '''
# ---
# name: TestTimeCriterion.test_time_criterion_filter_single_trajectory_inplace[event]
  '''
  patient_id,date,event_type,provider
  3,2023-01-28,CONSULTATION,RADIOLOGIST
  3,2023-02-02,FOLLOW_UP,NURSE
  3,2023-02-10,FOLLOW_UP,LABORATORY
  3,2023-03-06,CONSULTATION,
  3,2023-03-22,EMERGENCY,
  
  '''
# ---
# name: TestTimeCriterion.test_time_criterion_filter_single_trajectory_inplace[interval]
  '''
  patient_id,start_date,end_date,medication,administration_route,dosage
  3,2023-04-15,2023-04-24,ANTIBIOTIC,INHALATION,3
  
  '''
# ---
