# serializer version: 1
# name: TestInitSequence.test_anchoring_interval[end]
  '''
  patient_id,start_date,end_date,medication,administration_route,dosage
  1,2023-01-08,2023-01-18,PAIN_RELIEVER,,2
  1,2023-01-12,2023-01-28,ANTICOAGULANT,CUTANEOUS,1
  1,2023-01-20,2023-02-13,ANTIBIOTIC,ORAL,2
  1,2023-05-23,2023-05-30,ANTIHYPERTENSIVE,INTRAVENOUS,3
  1,2023-09-09,2023-09-20,ANTICOAGULANT,INTRAVENOUS,3
  
  '''
# ---
# name: TestInitSequence.test_anchoring_interval[middle]
  '''
  patient_id,start_date,end_date,medication,administration_route,dosage
  1,2023-01-08,2023-01-18,PAIN_RELIEVER,,2
  1,2023-01-12,2023-01-28,ANTICOAGULANT,CUTANEOUS,1
  1,2023-01-20,2023-02-13,ANTIBIOTIC,ORAL,2
  1,2023-05-23,2023-05-30,ANTIHYPERTENSIVE,INTRAVENOUS,3
  1,2023-09-09,2023-09-20,ANTICOAGULANT,INTRAVENOUS,3
  
  '''
# ---
# name: TestInitSequence.test_anchoring_interval[start]
  '''
  patient_id,start_date,end_date,medication,administration_route,dosage
  1,2023-01-08,2023-01-18,PAIN_RELIEVER,,2
  1,2023-01-12,2023-01-28,ANTICOAGULANT,CUTANEOUS,1
  1,2023-01-20,2023-02-13,ANTIBIOTIC,ORAL,2
  1,2023-05-23,2023-05-30,ANTIHYPERTENSIVE,INTRAVENOUS,3
  1,2023-09-09,2023-09-20,ANTICOAGULANT,INTRAVENOUS,3
  
  '''
# ---
