project:
  name: Test Project 0bea2cd6a042419cb22a79650eef10c8
  timezone: America/Chicago
  course:
    name: Test Course
    semester: Summer
    year: 2014
  settings: {}
  test_suites:
  - name: Suite 1
    setup_cmd: echo "WAAAAA"
    feedback:
      normal: private
      final_graded_submission: pass/fail
