# serializer version: 1
# name: TestInitSequencePool.test_anchoring_interval[end]
  '''
  patient_id,start_date,end_date,medication,administration_route,dosage
  1,2023-01-08,2023-01-18,PAIN_RELIEVER,,2
  1,2023-01-12,2023-01-28,ANTICOAGULANT,CUTANEOUS,1
  1,2023-01-20,2023-02-13,ANTIBIOTIC,ORAL,2
  1,2023-05-23,2023-05-30,ANTIHYPERTENSIVE,INTRAVENOUS,3
  1,2023-09-09,2023-09-20,ANTICOAGULANT,INTRAVENOUS,3
  2,2023-01-05,2023-02-03,ANTIBIOTIC,ORAL,2
  2,2023-01-10,2023-02-09,PAIN_RELIEVER,,1
  2,2023-02-04,2023-02-16,PAIN_RELIEVER,INTRAVENOUS,1
  2,2023-05-25,2023-06-09,ANTIBIOTIC,INHALATION,1
  2,2023-08-08,2023-08-19,ANTIBIOTIC,CUTANEOUS,3
  2,2023-08-08,2023-08-30,ANTIHYPERTENSIVE,INHALATION,2
  3,2023-04-15,2023-04-24,ANTIBIOTIC,INHALATION,3
  3,2023-09-24,2023-10-21,PAIN_RELIEVER,ORAL,2
  3,2023-10-10,2023-11-02,ANTIHYPERTENSIVE,ORAL,2
  4,2023-02-22,2023-03-05,PAIN_RELIEVER,INTRAMUSCULAR,3
  4,2023-05-25,2023-06-21,ANTIBIOTIC,ORAL,3
  4,2023-06-11,2023-07-09,CORTICOSTEROID,INTRAVENOUS,2
  4,2023-06-22,2023-07-11,ANTICOAGULANT,ORAL,1
  4,2023-07-16,2023-07-27,CORTICOSTEROID,INHALATION,3
  4,2023-10-15,2023-10-23,ANTICOAGULANT,INTRAMUSCULAR,2
  5,2023-02-23,2023-03-13,ANTIHYPERTENSIVE,INTRAVENOUS,1
  5,2023-03-07,2023-03-24,CORTICOSTEROID,CUTANEOUS,2
  5,2023-04-22,2023-05-13,ANTIHYPERTENSIVE,INHALATION,2
  5,2023-09-06,2023-09-18,ANTIBIOTIC,CUTANEOUS,2
  5,2023-09-04,2023-09-20,CORTICOSTEROID,,1
  5,2023-10-21,2023-11-14,PAIN_RELIEVER,INTRAMUSCULAR,2
  6,2023-03-10,2023-03-18,ANTIHYPERTENSIVE,INTRAMUSCULAR,1
  6,2023-03-02,2023-03-27,CORTICOSTEROID,INHALATION,1
  6,2023-04-02,2023-04-18,ANTIHYPERTENSIVE,INHALATION,2
  6,2023-04-21,2023-05-20,CORTICOSTEROID,CUTANEOUS,1
  6,2023-05-06,2023-05-23,CORTICOSTEROID,INTRAVENOUS,3
  6,2023-05-18,2023-06-17,ANTIBIOTIC,INTRAMUSCULAR,1
  6,2023-07-14,2023-07-23,CORTICOSTEROID,INHALATION,2
  7,2023-02-03,2023-02-26,PAIN_RELIEVER,INHALATION,3
  7,2023-03-14,2023-04-04,ANTIBIOTIC,,3
  7,2023-05-13,2023-05-28,ANTICOAGULANT,INTRAMUSCULAR,2
  8,2023-01-26,2023-02-05,ANTIBIOTIC,ORAL,3
  8,2023-01-14,2023-02-13,CORTICOSTEROID,,3
  8,2023-01-28,2023-02-13,ANTIBIOTIC,ORAL,3
  8,2023-03-19,2023-04-18,PAIN_RELIEVER,INHALATION,2
  8,2023-08-26,2023-09-12,ANTICOAGULANT,INHALATION,2
  8,2023-09-10,2023-10-06,PAIN_RELIEVER,CUTANEOUS,3
  8,2023-10-21,2023-10-30,CORTICOSTEROID,ORAL,3
  9,2023-04-19,2023-05-13,ANTICOAGULANT,INTRAMUSCULAR,3
  9,2023-05-06,2023-05-24,ANTIBIOTIC,ORAL,1
  9,2023-07-31,2023-08-10,PAIN_RELIEVER,INTRAVENOUS,1
  9,2023-09-21,2023-10-05,ANTIBIOTIC,CUTANEOUS,3
  10,2023-03-11,2023-04-09,ANTICOAGULANT,INTRAVENOUS,2
  10,2023-04-11,2023-04-23,ANTICOAGULANT,INTRAMUSCULAR,2
  10,2023-04-05,2023-05-05,ANTIBIOTIC,INTRAVENOUS,3
  10,2023-08-17,2023-08-24,ANTIHYPERTENSIVE,INHALATION,2
  
  '''
# ---
# name: TestInitSequencePool.test_anchoring_interval[middle]
  '''
  patient_id,start_date,end_date,medication,administration_route,dosage
  1,2023-01-08,2023-01-18,PAIN_RELIEVER,,2
  1,2023-01-12,2023-01-28,ANTICOAGULANT,CUTANEOUS,1
  1,2023-01-20,2023-02-13,ANTIBIOTIC,ORAL,2
  1,2023-05-23,2023-05-30,ANTIHYPERTENSIVE,INTRAVENOUS,3
  1,2023-09-09,2023-09-20,ANTICOAGULANT,INTRAVENOUS,3
  2,2023-01-05,2023-02-03,ANTIBIOTIC,ORAL,2
  2,2023-01-10,2023-02-09,PAIN_RELIEVER,,1
  2,2023-02-04,2023-02-16,PAIN_RELIEVER,INTRAVENOUS,1
  2,2023-05-25,2023-06-09,ANTIBIOTIC,INHALATION,1
  2,2023-08-08,2023-08-19,ANTIBIOTIC,CUTANEOUS,3
  2,2023-08-08,2023-08-30,ANTIHYPERTENSIVE,INHALATION,2
  3,2023-04-15,2023-04-24,ANTIBIOTIC,INHALATION,3
  3,2023-09-24,2023-10-21,PAIN_RELIEVER,ORAL,2
  3,2023-10-10,2023-11-02,ANTIHYPERTENSIVE,ORAL,2
  4,2023-02-22,2023-03-05,PAIN_RELIEVER,INTRAMUSCULAR,3
  4,2023-05-25,2023-06-21,ANTIBIOTIC,ORAL,3
  4,2023-06-11,2023-07-09,CORTICOSTEROID,INTRAVENOUS,2
  4,2023-06-22,2023-07-11,ANTICOAGULANT,ORAL,1
  4,2023-07-16,2023-07-27,CORTICOSTEROID,INHALATION,3
  4,2023-10-15,2023-10-23,ANTICOAGULANT,INTRAMUSCULAR,2
  5,2023-02-23,2023-03-13,ANTIHYPERTENSIVE,INTRAVENOUS,1
  5,2023-03-07,2023-03-24,CORTICOSTEROID,CUTANEOUS,2
  5,2023-04-22,2023-05-13,ANTIHYPERTENSIVE,INHALATION,2
  5,2023-09-04,2023-09-20,CORTICOSTEROID,,1
  5,2023-09-06,2023-09-18,ANTIBIOTIC,CUTANEOUS,2
  5,2023-10-21,2023-11-14,PAIN_RELIEVER,INTRAMUSCULAR,2
  6,2023-03-10,2023-03-18,ANTIHYPERTENSIVE,INTRAMUSCULAR,1
  6,2023-03-02,2023-03-27,CORTICOSTEROID,INHALATION,1
  6,2023-04-02,2023-04-18,ANTIHYPERTENSIVE,INHALATION,2
  6,2023-04-21,2023-05-20,CORTICOSTEROID,CUTANEOUS,1
  6,2023-05-06,2023-05-23,CORTICOSTEROID,INTRAVENOUS,3
  6,2023-05-18,2023-06-17,ANTIBIOTIC,INTRAMUSCULAR,1
  6,2023-07-14,2023-07-23,CORTICOSTEROID,INHALATION,2
  7,2023-02-03,2023-02-26,PAIN_RELIEVER,INHALATION,3
  7,2023-03-14,2023-04-04,ANTIBIOTIC,,3
  7,2023-05-13,2023-05-28,ANTICOAGULANT,INTRAMUSCULAR,2
  8,2023-01-14,2023-02-13,CORTICOSTEROID,,3
  8,2023-01-26,2023-02-05,ANTIBIOTIC,ORAL,3
  8,2023-01-28,2023-02-13,ANTIBIOTIC,ORAL,3
  8,2023-03-19,2023-04-18,PAIN_RELIEVER,INHALATION,2
  8,2023-08-26,2023-09-12,ANTICOAGULANT,INHALATION,2
  8,2023-09-10,2023-10-06,PAIN_RELIEVER,CUTANEOUS,3
  8,2023-10-21,2023-10-30,CORTICOSTEROID,ORAL,3
  9,2023-04-19,2023-05-13,ANTICOAGULANT,INTRAMUSCULAR,3
  9,2023-05-06,2023-05-24,ANTIBIOTIC,ORAL,1
  9,2023-07-31,2023-08-10,PAIN_RELIEVER,INTRAVENOUS,1
  9,2023-09-21,2023-10-05,ANTIBIOTIC,CUTANEOUS,3
  10,2023-03-11,2023-04-09,ANTICOAGULANT,INTRAVENOUS,2
  10,2023-04-11,2023-04-23,ANTICOAGULANT,INTRAMUSCULAR,2
  10,2023-04-05,2023-05-05,ANTIBIOTIC,INTRAVENOUS,3
  10,2023-08-17,2023-08-24,ANTIHYPERTENSIVE,INHALATION,2
  
  '''
# ---
# name: TestInitSequencePool.test_anchoring_interval[start]
  '''
  patient_id,start_date,end_date,medication,administration_route,dosage
  1,2023-01-08,2023-01-18,PAIN_RELIEVER,,2
  1,2023-01-12,2023-01-28,ANTICOAGULANT,CUTANEOUS,1
  1,2023-01-20,2023-02-13,ANTIBIOTIC,ORAL,2
  1,2023-05-23,2023-05-30,ANTIHYPERTENSIVE,INTRAVENOUS,3
  1,2023-09-09,2023-09-20,ANTICOAGULANT,INTRAVENOUS,3
  2,2023-01-05,2023-02-03,ANTIBIOTIC,ORAL,2
  2,2023-01-10,2023-02-09,PAIN_RELIEVER,,1
  2,2023-02-04,2023-02-16,PAIN_RELIEVER,INTRAVENOUS,1
  2,2023-05-25,2023-06-09,ANTIBIOTIC,INHALATION,1
  2,2023-08-08,2023-08-19,ANTIBIOTIC,CUTANEOUS,3
  2,2023-08-08,2023-08-30,ANTIHYPERTENSIVE,INHALATION,2
  3,2023-04-15,2023-04-24,ANTIBIOTIC,INHALATION,3
  3,2023-09-24,2023-10-21,PAIN_RELIEVER,ORAL,2
  3,2023-10-10,2023-11-02,ANTIHYPERTENSIVE,ORAL,2
  4,2023-02-22,2023-03-05,PAIN_RELIEVER,INTRAMUSCULAR,3
  4,2023-05-25,2023-06-21,ANTIBIOTIC,ORAL,3
  4,2023-06-11,2023-07-09,CORTICOSTEROID,INTRAVENOUS,2
  4,2023-06-22,2023-07-11,ANTICOAGULANT,ORAL,1
  4,2023-07-16,2023-07-27,CORTICOSTEROID,INHALATION,3
  4,2023-10-15,2023-10-23,ANTICOAGULANT,INTRAMUSCULAR,2
  5,2023-02-23,2023-03-13,ANTIHYPERTENSIVE,INTRAVENOUS,1
  5,2023-03-07,2023-03-24,CORTICOSTEROID,CUTANEOUS,2
  5,2023-04-22,2023-05-13,ANTIHYPERTENSIVE,INHALATION,2
  5,2023-09-04,2023-09-20,CORTICOSTEROID,,1
  5,2023-09-06,2023-09-18,ANTIBIOTIC,CUTANEOUS,2
  5,2023-10-21,2023-11-14,PAIN_RELIEVER,INTRAMUSCULAR,2
  6,2023-03-02,2023-03-27,CORTICOSTEROID,INHALATION,1
  6,2023-03-10,2023-03-18,ANTIHYPERTENSIVE,INTRAMUSCULAR,1
  6,2023-04-02,2023-04-18,ANTIHYPERTENSIVE,INHALATION,2
  6,2023-04-21,2023-05-20,CORTICOSTEROID,CUTANEOUS,1
  6,2023-05-06,2023-05-23,CORTICOSTEROID,INTRAVENOUS,3
  6,2023-05-18,2023-06-17,ANTIBIOTIC,INTRAMUSCULAR,1
  6,2023-07-14,2023-07-23,CORTICOSTEROID,INHALATION,2
  7,2023-02-03,2023-02-26,PAIN_RELIEVER,INHALATION,3
  7,2023-03-14,2023-04-04,ANTIBIOTIC,,3
  7,2023-05-13,2023-05-28,ANTICOAGULANT,INTRAMUSCULAR,2
  8,2023-01-14,2023-02-13,CORTICOSTEROID,,3
  8,2023-01-26,2023-02-05,ANTIBIOTIC,ORAL,3
  8,2023-01-28,2023-02-13,ANTIBIOTIC,ORAL,3
  8,2023-03-19,2023-04-18,PAIN_RELIEVER,INHALATION,2
  8,2023-08-26,2023-09-12,ANTICOAGULANT,INHALATION,2
  8,2023-09-10,2023-10-06,PAIN_RELIEVER,CUTANEOUS,3
  8,2023-10-21,2023-10-30,CORTICOSTEROID,ORAL,3
  9,2023-04-19,2023-05-13,ANTICOAGULANT,INTRAMUSCULAR,3
  9,2023-05-06,2023-05-24,ANTIBIOTIC,ORAL,1
  9,2023-07-31,2023-08-10,PAIN_RELIEVER,INTRAVENOUS,1
  9,2023-09-21,2023-10-05,ANTIBIOTIC,CUTANEOUS,3
  10,2023-03-11,2023-04-09,ANTICOAGULANT,INTRAVENOUS,2
  10,2023-04-05,2023-05-05,ANTIBIOTIC,INTRAVENOUS,3
  10,2023-04-11,2023-04-23,ANTICOAGULANT,INTRAMUSCULAR,2
  10,2023-08-17,2023-08-24,ANTIHYPERTENSIVE,INHALATION,2
  
  '''
# ---
