# serializer version: 1
# name: TestLCSSequenceMetric.test_call_with_snapshot[event]
  2.0
# ---
# name: TestLCSSequenceMetric.test_call_with_snapshot[interval]
  0.0
# ---
# name: TestLCSSequenceMetric.test_call_with_snapshot[state]
  0.0
# ---
