project:
  name: Test Project c8115a2e466348838a2cd22e805edb61
  timezone: America/Chicago
  course:
    name: Test Course
    semester: Summer
    year: 2014
  settings: {}
  instructor_files:
  - local_path: input1.txt
  - local_path: input2.txt
  - local_path: input3.txt
  - local_path: output1.txt
  - local_path: output2.txt
  - local_path: output3.txt
  - local_path: stderr1.txt
  - local_path: stderr2.txt
  - local_path: stderr3.txt
  test_suites:
  - name: Suite
    test_cases:
    - name: Test Spam
      cmd: echo test spam wee
      input:
        source: instructor_file
        instructor_file: input2.txt
      return_code:
        expected: zero
      stdout:
        compare_with: instructor_file
        instructor_file: output2.txt
      stderr:
        compare_with: instructor_file
        instructor_file: stderr2.txt
    - name: Test Egg
      cmd: echo test eggg wee
      input:
        source: instructor_file
        instructor_file: input3.txt
      return_code:
        expected: zero
      stdout:
        compare_with: instructor_file
        instructor_file: output3.txt
      stderr:
        compare_with: instructor_file
        instructor_file: stderr3.txt
    - name: Test Sausage
      cmd: echo test suasage wee
      input:
        source: instructor_file
        instructor_file: input1.txt
      return_code:
        expected: zero
      stdout:
        compare_with: instructor_file
        instructor_file: output1.txt
      stderr:
        compare_with: instructor_file
        instructor_file: stderr1.txt
