project:
  name: Test Project 2c01ac41df19488bae079e1e502e06f8
  timezone: America/Chicago
  course:
    name: Test Course
    semester: Summer
    year: 2014
  settings: {}
  handgrading:
    points_style: start_at_zero_and_add
    handgraders_can_adjust_points: true
