project:
  name: Test Project 50decfa0904b40d188108caa10739365
  timezone: America/Denver
  course:
    name: Test Course
    semester: Summer
    year: 2014
  settings: {}
