turning H bonds into constraints...
Analysing residue names:
There are:    64    Protein residues
Analysing Protein...
This run will generate roughly 0 Mb of data
