- node_id: '0'
  node_depth: 0
  node_type: Node
  content_length: 141
  content: |-
    # A document with an h1 heading

    Some text under the first h1 heading

    ## A document with an h2 heading

    Some text under the first h2 heading
  metadata:
    docling_label: title
    docling_ref: '#/texts/0'
    headings:
    - '# A document with an h1 heading'
  is_isolated: true
  relationships: {}
