DocumentationSearchResponse(query='Who is the best?', summary=BaseSummaryResult(root={'test': 3}), results=TreeSearchResponse(root={'test': KnowledgeBaseResult(root={'Hello, world document!': TitleResult(source='<no source>', headings={'# Parent Node': ['Hello, world!']})})}))